============================= test session starts =============================
platform win32 -- Python 3.14.0, pytest-9.0.2, pluggy-1.6.0
rootdir: C:\Users\RainC\OneDrive\Desktop\Joi\personal-agent
plugins: anyio-4.12.0, langsmith-0.6.2, asyncio-1.3.0, cov-7.0.0
asyncio: mode=Mode.STRICT, debug=False, asyncio_default_fixture_loop_scope=None, asyncio_default_test_loop_scope=function
collected 3 items

tests\test_vision_voice.py .FF                                           [100%]

================================== FAILURES ===================================
_____________________ TestVisionVoice.test_elevenlabs_tts _____________________

self = <test_vision_voice.TestVisionVoice object at 0x000001ACC4F3E350>
mock_generate = <MagicMock name='generate' id='1841551233712'>
mock_get_secret = <MagicMock name='get_secret' id='1841551234048'>

    @patch("app.tools.voice_elevenlabs.get_secret")
    @patch("app.tools.voice_elevenlabs.generate")
    def test_elevenlabs_tts(self, mock_generate, mock_get_secret):
        # Setup
        mock_get_secret.return_value = "fake_key"
        mock_generate.return_value = b"fake_audio_bytes"
    
        # Test
        assert voice_elevenlabs.is_available() is True
>       audio = voice_elevenlabs.text_to_speech("Hello")
                ^^^^^^^^^^^^^^^^^^^^^^^^^^^^^^^^^^^^^^^^

tests\test_vision_voice.py:48: 
_ _ _ _ _ _ _ _ _ _ _ _ _ _ _ _ _ _ _ _ _ _ _ _ _ _ _ _ _ _ _ _ _ _ _ _ _ _ _ _

text = 'Hello', voice_id = 'Bella'

    def text_to_speech(text: str, voice_id: str = "Bella") -> bytes:
        """Generate speech audio bytes from text using ElevenLabs."""
        if not is_available():
            raise Exception("ElevenLabs not configured or installed.")
    
        key = get_secret("elevenlabs_api_key")
>       set_api_key(key)
E       TypeError: 'NoneType' object is not callable

app\tools\voice_elevenlabs.py:27: TypeError
_____________________ TestVisionVoice.test_voice_fallback _____________________

args = (<test_vision_voice.TestVisionVoice object at 0x000001ACC4F436F0>,)
keywargs = {}

    @wraps(func)
    def patched(*args, **keywargs):
>       with self.decoration_helper(patched,
                                    args,
                                    keywargs) as (newargs, newkeywargs):

C:\Python314\Lib\unittest\mock.py:1429: 
_ _ _ _ _ _ _ _ _ _ _ _ _ _ _ _ _ _ _ _ _ _ _ _ _ _ _ _ _ _ _ _ _ _ _ _ _ _ _ _
C:\Python314\Lib\contextlib.py:141: in __enter__
    return next(self.gen)
           ^^^^^^^^^^^^^^
C:\Python314\Lib\unittest\mock.py:1411: in decoration_helper
    arg = exit_stack.enter_context(patching)
          ^^^^^^^^^^^^^^^^^^^^^^^^^^^^^^^^^^
C:\Python314\Lib\contextlib.py:530: in enter_context
    result = _enter(cm)
             ^^^^^^^^^^
C:\Python314\Lib\unittest\mock.py:1503: in __enter__
    original, local = self.get_original()
                      ^^^^^^^^^^^^^^^^^^^
_ _ _ _ _ _ _ _ _ _ _ _ _ _ _ _ _ _ _ _ _ _ _ _ _ _ _ _ _ _ _ _ _ _ _ _ _ _ _ _

self = <unittest.mock._patch object at 0x000001ACC4F43230>

    def get_original(self):
        target = self.getter()
        name = self.attribute
    
        original = DEFAULT
        local = False
    
        try:
            original = target.__dict__[name]
        except (AttributeError, KeyError):
            original = getattr(target, name, DEFAULT)
        else:
            local = True
    
        if name in _builtins and isinstance(target, ModuleType):
            self.create = True
    
        if not self.create and original is DEFAULT:
>           raise AttributeError(
                "%s does not have the attribute %r" % (target, name)
            )
E           AttributeError: <module 'app.tools.voice' from 'C:\\Users\\RainC\\OneDrive\\Desktop\\Joi\\personal-agent\\app\\tools\\voice.py'> does not have the attribute 'voice_elevenlabs'

C:\Python314\Lib\unittest\mock.py:1473: AttributeError
============================== warnings summary ===============================
app\config.py:6
  C:\Users\RainC\OneDrive\Desktop\Joi\personal-agent\app\config.py:6: PydanticDeprecatedSince20: Support for class-based `config` is deprecated, use ConfigDict instead. Deprecated in Pydantic V2.0 to be removed in V3.0. See Pydantic V2 Migration Guide at https://errors.pydantic.dev/2.12/migration/
    class Settings(BaseSettings):

..\..\..\..\AppData\Roaming\Python\Python314\site-packages\speech_recognition\__init__.py:7
  C:\Users\RainC\AppData\Roaming\Python\Python314\site-packages\speech_recognition\__init__.py:7: DeprecationWarning: aifc was removed in Python 3.13. Please be aware that you are currently NOT using standard 'aifc', but instead a separately installed 'standard-aifc'.
    import aifc

-- Docs: https://docs.pytest.org/en/stable/how-to/capture-warnings.html
=========================== short test summary info ===========================
FAILED tests/test_vision_voice.py::TestVisionVoice::test_elevenlabs_tts - Typ...
FAILED tests/test_vision_voice.py::TestVisionVoice::test_voice_fallback - Att...
=================== 2 failed, 1 passed, 2 warnings in 2.98s ===================
